Archive member included because of file (symbol)

c:/program files (x86)/atmel/atmel toolchain/avr8 gcc/native/3.4.1061/avr8-gnu-toolchain/bin/../lib/gcc/avr/4.8.1/avrxmega6\libgcc.a(_exit.o)
                              c:/program files (x86)/atmel/atmel toolchain/avr8 gcc/native/3.4.1061/avr8-gnu-toolchain/bin/../lib/gcc/avr/4.8.1/../../../../avr/lib/avrxmega6/crtx384c3.o (exit)
c:/program files (x86)/atmel/atmel toolchain/avr8 gcc/native/3.4.1061/avr8-gnu-toolchain/bin/../lib/gcc/avr/4.8.1/avrxmega6\libgcc.a(_clear_bss.o)
                              main.o (__do_clear_bss)
c:/program files (x86)/atmel/atmel toolchain/avr8 gcc/native/3.4.1061/avr8-gnu-toolchain/bin/../lib/gcc/avr/4.8.1/../../../../avr/lib/avrxmega6\libc.a(memcpy.o)
                              nvm.o (memcpy)

Allocating common symbols
Common symbol       size              file

WriteBuffer         0x200             main.o
ReadBuffer          0x200             main.o

Discarded input sections

 .data          0x00000000        0x0 c:/program files (x86)/atmel/atmel toolchain/avr8 gcc/native/3.4.1061/avr8-gnu-toolchain/bin/../lib/gcc/avr/4.8.1/../../../../avr/lib/avrxmega6/crtx384c3.o
 .bss           0x00000000        0x0 c:/program files (x86)/atmel/atmel toolchain/avr8 gcc/native/3.4.1061/avr8-gnu-toolchain/bin/../lib/gcc/avr/4.8.1/../../../../avr/lib/avrxmega6/crtx384c3.o
 .text          0x00000000        0x0 ccp.o
 .data          0x00000000        0x0 ccp.o
 .bss           0x00000000        0x0 ccp.o
 .text          0x00000000        0x0 main.o
 .data          0x00000000        0x0 main.o
 .bss           0x00000000        0x0 main.o
 .text.WriteApplicationPage
                0x00000000       0x12 main.o
 .text.LoadFlashWord
                0x00000000        0x6 main.o
 COMMON         0x00000000      0x400 main.o
 .text          0x00000000        0x0 nvm.o
 .data          0x00000000        0x0 nvm.o
 .bss           0x00000000        0x0 nvm.o
 .text.nvm_read_device_serial
                0x00000000       0x90 nvm.o
 .text.nvm_eeprom_read_buffer
                0x00000000       0x30 nvm.o
 .text.nvm_eeprom_load_page_to_buffer
                0x00000000       0x40 nvm.o
 .text.nvm_eeprom_atomic_write_page
                0x00000000       0x3c nvm.o
 .text.nvm_eeprom_erase_and_write_buffer
                0x00000000       0x88 nvm.o
 .text.nvm_eeprom_split_write_page
                0x00000000       0x3c nvm.o
 .text.nvm_eeprom_erase_bytes_in_page
                0x00000000       0x3c nvm.o
 .text.nvm_eeprom_erase_page
                0x00000000       0x14 nvm.o
 .text.nvm_issue_flash_range_crc
                0x00000000       0x5a nvm.o
 .text.nvm_flash_read_buffer
                0x00000000       0x2e nvm.o
 .text.nvm_user_sig_read_buffer
                0x00000000       0x3e nvm.o
 .text.nvm_user_sig_write_buffer
                0x00000000      0x148 nvm.o
 .text.nvm_flash_erase_and_write_buffer
                0x00000000      0x1b6 nvm.o
 .text.nvm_fuses_read
                0x00000000       0x32 nvm.o
 .text          0x00000000        0x0 nvm_asm.o
 .data          0x00000000        0x0 nvm_asm.o
 .bss           0x00000000        0x0 nvm_asm.o
 .text.nvm_read_byte
                0x00000000       0x14 nvm_asm.o
 .text          0x00000000        0x0 serial.o
 .data          0x00000000        0x0 serial.o
 .bss           0x00000000        0x0 serial.o
 .text          0x00000000        0x0 c:/program files (x86)/atmel/atmel toolchain/avr8 gcc/native/3.4.1061/avr8-gnu-toolchain/bin/../lib/gcc/avr/4.8.1/avrxmega6\libgcc.a(_exit.o)
 .data          0x00000000        0x0 c:/program files (x86)/atmel/atmel toolchain/avr8 gcc/native/3.4.1061/avr8-gnu-toolchain/bin/../lib/gcc/avr/4.8.1/avrxmega6\libgcc.a(_exit.o)
 .bss           0x00000000        0x0 c:/program files (x86)/atmel/atmel toolchain/avr8 gcc/native/3.4.1061/avr8-gnu-toolchain/bin/../lib/gcc/avr/4.8.1/avrxmega6\libgcc.a(_exit.o)
 .text.libgcc.mul
                0x00000000        0x0 c:/program files (x86)/atmel/atmel toolchain/avr8 gcc/native/3.4.1061/avr8-gnu-toolchain/bin/../lib/gcc/avr/4.8.1/avrxmega6\libgcc.a(_exit.o)
 .text.libgcc.div
                0x00000000        0x0 c:/program files (x86)/atmel/atmel toolchain/avr8 gcc/native/3.4.1061/avr8-gnu-toolchain/bin/../lib/gcc/avr/4.8.1/avrxmega6\libgcc.a(_exit.o)
 .text.libgcc   0x00000000        0x0 c:/program files (x86)/atmel/atmel toolchain/avr8 gcc/native/3.4.1061/avr8-gnu-toolchain/bin/../lib/gcc/avr/4.8.1/avrxmega6\libgcc.a(_exit.o)
 .text.libgcc.prologue
                0x00000000        0x0 c:/program files (x86)/atmel/atmel toolchain/avr8 gcc/native/3.4.1061/avr8-gnu-toolchain/bin/../lib/gcc/avr/4.8.1/avrxmega6\libgcc.a(_exit.o)
 .text.libgcc.builtins
                0x00000000        0x0 c:/program files (x86)/atmel/atmel toolchain/avr8 gcc/native/3.4.1061/avr8-gnu-toolchain/bin/../lib/gcc/avr/4.8.1/avrxmega6\libgcc.a(_exit.o)
 .text.libgcc.fmul
                0x00000000        0x0 c:/program files (x86)/atmel/atmel toolchain/avr8 gcc/native/3.4.1061/avr8-gnu-toolchain/bin/../lib/gcc/avr/4.8.1/avrxmega6\libgcc.a(_exit.o)
 .text.libgcc.fixed
                0x00000000        0x0 c:/program files (x86)/atmel/atmel toolchain/avr8 gcc/native/3.4.1061/avr8-gnu-toolchain/bin/../lib/gcc/avr/4.8.1/avrxmega6\libgcc.a(_exit.o)
 .text          0x00000000        0x0 c:/program files (x86)/atmel/atmel toolchain/avr8 gcc/native/3.4.1061/avr8-gnu-toolchain/bin/../lib/gcc/avr/4.8.1/avrxmega6\libgcc.a(_clear_bss.o)
 .data          0x00000000        0x0 c:/program files (x86)/atmel/atmel toolchain/avr8 gcc/native/3.4.1061/avr8-gnu-toolchain/bin/../lib/gcc/avr/4.8.1/avrxmega6\libgcc.a(_clear_bss.o)
 .bss           0x00000000        0x0 c:/program files (x86)/atmel/atmel toolchain/avr8 gcc/native/3.4.1061/avr8-gnu-toolchain/bin/../lib/gcc/avr/4.8.1/avrxmega6\libgcc.a(_clear_bss.o)
 .text.libgcc.mul
                0x00000000        0x0 c:/program files (x86)/atmel/atmel toolchain/avr8 gcc/native/3.4.1061/avr8-gnu-toolchain/bin/../lib/gcc/avr/4.8.1/avrxmega6\libgcc.a(_clear_bss.o)
 .text.libgcc.div
                0x00000000        0x0 c:/program files (x86)/atmel/atmel toolchain/avr8 gcc/native/3.4.1061/avr8-gnu-toolchain/bin/../lib/gcc/avr/4.8.1/avrxmega6\libgcc.a(_clear_bss.o)
 .text.libgcc   0x00000000        0x0 c:/program files (x86)/atmel/atmel toolchain/avr8 gcc/native/3.4.1061/avr8-gnu-toolchain/bin/../lib/gcc/avr/4.8.1/avrxmega6\libgcc.a(_clear_bss.o)
 .text.libgcc.prologue
                0x00000000        0x0 c:/program files (x86)/atmel/atmel toolchain/avr8 gcc/native/3.4.1061/avr8-gnu-toolchain/bin/../lib/gcc/avr/4.8.1/avrxmega6\libgcc.a(_clear_bss.o)
 .text.libgcc.builtins
                0x00000000        0x0 c:/program files (x86)/atmel/atmel toolchain/avr8 gcc/native/3.4.1061/avr8-gnu-toolchain/bin/../lib/gcc/avr/4.8.1/avrxmega6\libgcc.a(_clear_bss.o)
 .text.libgcc.fmul
                0x00000000        0x0 c:/program files (x86)/atmel/atmel toolchain/avr8 gcc/native/3.4.1061/avr8-gnu-toolchain/bin/../lib/gcc/avr/4.8.1/avrxmega6\libgcc.a(_clear_bss.o)
 .text.libgcc.fixed
                0x00000000        0x0 c:/program files (x86)/atmel/atmel toolchain/avr8 gcc/native/3.4.1061/avr8-gnu-toolchain/bin/../lib/gcc/avr/4.8.1/avrxmega6\libgcc.a(_clear_bss.o)
 .text          0x00000000        0x0 c:/program files (x86)/atmel/atmel toolchain/avr8 gcc/native/3.4.1061/avr8-gnu-toolchain/bin/../lib/gcc/avr/4.8.1/../../../../avr/lib/avrxmega6\libc.a(memcpy.o)
 .data          0x00000000        0x0 c:/program files (x86)/atmel/atmel toolchain/avr8 gcc/native/3.4.1061/avr8-gnu-toolchain/bin/../lib/gcc/avr/4.8.1/../../../../avr/lib/avrxmega6\libc.a(memcpy.o)
 .bss           0x00000000        0x0 c:/program files (x86)/atmel/atmel toolchain/avr8 gcc/native/3.4.1061/avr8-gnu-toolchain/bin/../lib/gcc/avr/4.8.1/../../../../avr/lib/avrxmega6\libc.a(memcpy.o)
 .text.avr-libc
                0x00000000       0x12 c:/program files (x86)/atmel/atmel toolchain/avr8 gcc/native/3.4.1061/avr8-gnu-toolchain/bin/../lib/gcc/avr/4.8.1/../../../../avr/lib/avrxmega6\libc.a(memcpy.o)

Memory Configuration

Name             Origin             Length             Attributes
text             0x00000000         0x00100000         xr
data             0x00802000         0x0000ffa0         rw !x
eeprom           0x00810000         0x00010000         rw !x
fuse             0x00820000         0x00000400         rw !x
lock             0x00830000         0x00000400         rw !x
signature        0x00840000         0x00000400         rw !x
user_signatures  0x00850000         0x00000400         rw !x
*default*        0x00000000         0xffffffff

Linker script and memory map

LOAD c:/program files (x86)/atmel/atmel toolchain/avr8 gcc/native/3.4.1061/avr8-gnu-toolchain/bin/../lib/gcc/avr/4.8.1/../../../../avr/lib/avrxmega6/crtx384c3.o
LOAD ccp.o
LOAD main.o
LOAD nvm.o
LOAD nvm_asm.o
LOAD serial.o
START GROUP
LOAD c:/program files (x86)/atmel/atmel toolchain/avr8 gcc/native/3.4.1061/avr8-gnu-toolchain/bin/../lib/gcc/avr/4.8.1/../../../../avr/lib/avrxmega6\libm.a
END GROUP
Address of section .text set to 0x20000
START GROUP
LOAD c:/program files (x86)/atmel/atmel toolchain/avr8 gcc/native/3.4.1061/avr8-gnu-toolchain/bin/../lib/gcc/avr/4.8.1/avrxmega6\libgcc.a
LOAD c:/program files (x86)/atmel/atmel toolchain/avr8 gcc/native/3.4.1061/avr8-gnu-toolchain/bin/../lib/gcc/avr/4.8.1/../../../../avr/lib/avrxmega6\libm.a
LOAD c:/program files (x86)/atmel/atmel toolchain/avr8 gcc/native/3.4.1061/avr8-gnu-toolchain/bin/../lib/gcc/avr/4.8.1/../../../../avr/lib/avrxmega6\libc.a
END GROUP

.hash
 *(.hash)

.dynsym
 *(.dynsym)

.dynstr
 *(.dynstr)

.gnu.version
 *(.gnu.version)

.gnu.version_d
 *(.gnu.version_d)

.gnu.version_r
 *(.gnu.version_r)

.rel.init
 *(.rel.init)

.rela.init
 *(.rela.init)

.rel.text
 *(.rel.text)
 *(.rel.text.*)
 *(.rel.gnu.linkonce.t*)

.rela.text
 *(.rela.text)
 *(.rela.text.*)
 *(.rela.gnu.linkonce.t*)

.rel.fini
 *(.rel.fini)

.rela.fini
 *(.rela.fini)

.rel.rodata
 *(.rel.rodata)
 *(.rel.rodata.*)
 *(.rel.gnu.linkonce.r*)

.rela.rodata
 *(.rela.rodata)
 *(.rela.rodata.*)
 *(.rela.gnu.linkonce.r*)

.rel.data
 *(.rel.data)
 *(.rel.data.*)
 *(.rel.gnu.linkonce.d*)

.rela.data
 *(.rela.data)
 *(.rela.data.*)
 *(.rela.gnu.linkonce.d*)

.rel.ctors
 *(.rel.ctors)

.rela.ctors
 *(.rela.ctors)

.rel.dtors
 *(.rel.dtors)

.rela.dtors
 *(.rela.dtors)

.rel.got
 *(.rel.got)

.rela.got
 *(.rela.got)

.rel.bss
 *(.rel.bss)

.rela.bss
 *(.rela.bss)

.rel.plt
 *(.rel.plt)

.rela.plt
 *(.rela.plt)

.text           0x00020000      0x812
 *(.vectors)
 .vectors       0x00020000      0x1fc c:/program files (x86)/atmel/atmel toolchain/avr8 gcc/native/3.4.1061/avr8-gnu-toolchain/bin/../lib/gcc/avr/4.8.1/../../../../avr/lib/avrxmega6/crtx384c3.o
                0x00020000                __vector_default
                0x00020000                __vectors
 *(.vectors)
 *(.progmem.gcc*)
                0x000201fc                . = ALIGN (0x2)
                0x000201fc                __trampolines_start = .
 *(.trampolines)
 .trampolines   0x000201fc        0x0 linker stubs
 *(.trampolines*)
                0x000201fc                __trampolines_end = .
 *(.progmem*)
                0x000201fc                . = ALIGN (0x2)
 *(.jumptables)
 *(.jumptables*)
 *(.lowtext)
 *(.lowtext*)
                0x000201fc                __ctors_start = .
 *(.ctors)
                0x000201fc                __ctors_end = .
                0x000201fc                __dtors_start = .
 *(.dtors)
                0x000201fc                __dtors_end = .
 SORT(*)(.ctors)
 SORT(*)(.dtors)
 *(.init0)
 .init0         0x000201fc        0x0 c:/program files (x86)/atmel/atmel toolchain/avr8 gcc/native/3.4.1061/avr8-gnu-toolchain/bin/../lib/gcc/avr/4.8.1/../../../../avr/lib/avrxmega6/crtx384c3.o
                0x000201fc                __init
 *(.init0)
 *(.init1)
 *(.init1)
 *(.init2)
 .init2         0x000201fc       0x10 c:/program files (x86)/atmel/atmel toolchain/avr8 gcc/native/3.4.1061/avr8-gnu-toolchain/bin/../lib/gcc/avr/4.8.1/../../../../avr/lib/avrxmega6/crtx384c3.o
 *(.init2)
 *(.init3)
 *(.init3)
 *(.init4)
 .init4         0x0002020c       0x10 c:/program files (x86)/atmel/atmel toolchain/avr8 gcc/native/3.4.1061/avr8-gnu-toolchain/bin/../lib/gcc/avr/4.8.1/avrxmega6\libgcc.a(_clear_bss.o)
                0x0002020c                __do_clear_bss
 *(.init4)
 *(.init5)
 *(.init5)
 *(.init6)
 *(.init6)
 *(.init7)
 *(.init7)
 *(.init8)
 *(.init8)
 *(.init9)
 .init9         0x0002021c        0x4 c:/program files (x86)/atmel/atmel toolchain/avr8 gcc/native/3.4.1061/avr8-gnu-toolchain/bin/../lib/gcc/avr/4.8.1/../../../../avr/lib/avrxmega6/crtx384c3.o
 *(.init9)
 *(.text)
 .text          0x00020220        0x2 c:/program files (x86)/atmel/atmel toolchain/avr8 gcc/native/3.4.1061/avr8-gnu-toolchain/bin/../lib/gcc/avr/4.8.1/../../../../avr/lib/avrxmega6/crtx384c3.o
                0x00020220                __vector_38
                0x00020220                __vector_104
                0x00020220                __vector_22
                0x00020220                __vector_63
                0x00020220                __vector_28
                0x00020220                __vector_67
                0x00020220                __vector_1
                0x00020220                __vector_119
                0x00020220                __vector_32
                0x00020220                __vector_75
                0x00020220                __vector_71
                0x00020220                __vector_91
                0x00020220                __vector_34
                0x00020220                __vector_62
                0x00020220                __vector_77
                0x00020220                __vector_102
                0x00020220                __vector_24
                0x00020220                __vector_12
                0x00020220                __vector_55
                0x00020220                __vector_69
                0x00020220                __vector_81
                0x00020220                __vector_90
                0x00020220                __vector_46
                0x00020220                __bad_interrupt
                0x00020220                __vector_122
                0x00020220                __vector_72
                0x00020220                __vector_114
                0x00020220                __vector_6
                0x00020220                __vector_110
                0x00020220                __vector_31
                0x00020220                __vector_92
                0x00020220                __vector_35
                0x00020220                __vector_78
                0x00020220                __vector_74
                0x00020220                __vector_117
                0x00020220                __vector_39
                0x00020220                __vector_107
                0x00020220                __vector_3
                0x00020220                __vector_105
                0x00020220                __vector_98
                0x00020220                __vector_23
                0x00020220                __vector_68
                0x00020220                __vector_30
                0x00020220                __vector_73
                0x00020220                __vector_45
                0x00020220                __vector_25
                0x00020220                __vector_93
                0x00020220                __vector_61
                0x00020220                __vector_11
                0x00020220                __vector_54
                0x00020220                __vector_99
                0x00020220                __vector_13
                0x00020220                __vector_17
                0x00020220                __vector_19
                0x00020220                __vector_56
                0x00020220                __vector_7
                0x00020220                __vector_125
                0x00020220                __vector_49
                0x00020220                __vector_123
                0x00020220                __vector_41
                0x00020220                __vector_86
                0x00020220                __vector_100
                0x00020220                __vector_101
                0x00020220                __vector_64
                0x00020220                __vector_88
                0x00020220                __vector_109
                0x00020220                __vector_43
                0x00020220                __vector_27
                0x00020220                __vector_5
                0x00020220                __vector_113
                0x00020220                __vector_33
                0x00020220                __vector_76
                0x00020220                __vector_115
                0x00020220                __vector_47
                0x00020220                __vector_52
                0x00020220                __vector_37
                0x00020220                __vector_95
                0x00020220                __vector_103
                0x00020220                __vector_96
                0x00020220                __vector_89
                0x00020220                __vector_108
                0x00020220                __vector_4
                0x00020220                __vector_44
                0x00020220                __vector_82
                0x00020220                __vector_106
                0x00020220                __vector_118
                0x00020220                __vector_51
                0x00020220                __vector_9
                0x00020220                __vector_2
                0x00020220                __vector_21
                0x00020220                __vector_15
                0x00020220                __vector_66
                0x00020220                __vector_36
                0x00020220                __vector_79
                0x00020220                __vector_58
                0x00020220                __vector_70
                0x00020220                __vector_83
                0x00020220                __vector_29
                0x00020220                __vector_60
                0x00020220                __vector_121
                0x00020220                __vector_40
                0x00020220                __vector_85
                0x00020220                __vector_94
                0x00020220                __vector_126
                0x00020220                __vector_8
                0x00020220                __vector_26
                0x00020220                __vector_48
                0x00020220                __vector_124
                0x00020220                __vector_116
                0x00020220                __vector_112
                0x00020220                __vector_111
                0x00020220                __vector_80
                0x00020220                __vector_14
                0x00020220                __vector_84
                0x00020220                __vector_57
                0x00020220                __vector_53
                0x00020220                __vector_10
                0x00020220                __vector_50
                0x00020220                __vector_16
                0x00020220                __vector_59
                0x00020220                __vector_18
                0x00020220                __vector_97
                0x00020220                __vector_20
                0x00020220                __vector_42
                0x00020220                __vector_87
                0x00020220                __vector_65
                0x00020220                __vector_120
                0x00020222                . = ALIGN (0x2)
 *(.text.*)
 .text.ccp_write_io
                0x00020222        0xc ccp.o
                0x00020222                ccp_write_io
 .text.PMIC_SetVectorLocationToBoot
                0x0002022e       0x10 main.o
                0x0002022e                PMIC_SetVectorLocationToBoot
 .text.PMIC_SetVectorLocationToApplication
                0x0002023e       0x10 main.o
                0x0002023e                PMIC_SetVectorLocationToApplication
 .text.EraseApplicationPage
                0x0002024e       0x10 main.o
                0x0002024e                EraseApplicationPage
 .text.EraseWriteApplicationPage
                0x0002025e       0x10 main.o
                0x0002025e                EraseWriteApplicationPage
 .text.EraseFlashBuffer
                0x0002026e       0x16 main.o
                0x0002026e                EraseFlashBuffer
 .text.BlockLoad
                0x00020284      0x134 main.o
                0x00020284                BlockLoad
 .text.BlockRead
                0x000203b8       0x7e main.o
                0x000203b8                BlockRead
 .text.main     0x00020436      0x288 main.o
                0x00020436                main
 .text.nvm_eeprom_read_byte
                0x000206be       0x22 nvm.o
                0x000206be                nvm_eeprom_read_byte
 .text.nvm_eeprom_flush_buffer
                0x000206e0       0x22 nvm.o
                0x000206e0                nvm_eeprom_flush_buffer
 .text.nvm_eeprom_load_byte_to_buffer
                0x00020702       0x24 nvm.o
                0x00020702                nvm_eeprom_load_byte_to_buffer
 .text.nvm_eeprom_write_byte
                0x00020726       0x4c nvm.o
                0x00020726                nvm_eeprom_write_byte
 .text.nvm_eeprom_fill_buffer_with_value
                0x00020772       0x26 nvm.o
                0x00020772                nvm_eeprom_fill_buffer_with_value
 .text.nvm_eeprom_erase_bytes_in_all_pages
                0x00020798       0x2c nvm.o
                0x00020798                nvm_eeprom_erase_bytes_in_all_pages
 .text.nvm_eeprom_erase_all
                0x000207c4        0x8 nvm.o
                0x000207c4                nvm_eeprom_erase_all
 .text.initbootuart
                0x000207cc       0x18 serial.o
                0x000207cc                initbootuart
 .text.sendchar
                0x000207e4       0x1a serial.o
                0x000207e4                sendchar
 .text.recchar  0x000207fe       0x10 serial.o
                0x000207fe                recchar
                0x0002080e                . = ALIGN (0x2)
 *(.fini9)
 .fini9         0x0002080e        0x0 c:/program files (x86)/atmel/atmel toolchain/avr8 gcc/native/3.4.1061/avr8-gnu-toolchain/bin/../lib/gcc/avr/4.8.1/avrxmega6\libgcc.a(_exit.o)
                0x0002080e                _exit
                0x0002080e                exit
 *(.fini9)
 *(.fini8)
 *(.fini8)
 *(.fini7)
 *(.fini7)
 *(.fini6)
 *(.fini6)
 *(.fini5)
 *(.fini5)
 *(.fini4)
 *(.fini4)
 *(.fini3)
 *(.fini3)
 *(.fini2)
 *(.fini2)
 *(.fini1)
 *(.fini1)
 *(.fini0)
 .fini0         0x0002080e        0x4 c:/program files (x86)/atmel/atmel toolchain/avr8 gcc/native/3.4.1061/avr8-gnu-toolchain/bin/../lib/gcc/avr/4.8.1/avrxmega6\libgcc.a(_exit.o)
 *(.fini0)
                0x00020812                _etext = .

.BOOT           0x00020812       0x44
 .BOOT          0x00020812       0x44 nvm_asm.o
                0x00020812                nvm_common_spm
                0x00020830                nvm_flash_load_word_to_buffer

.data           0x00802000        0x0 load address 0x00020856
                0x00802000                PROVIDE (__data_start, .)
 *(.data)
 *(.data*)
 *(.rodata)
 *(.rodata*)
 *(.gnu.linkonce.d*)
                0x00802000                . = ALIGN (0x2)
                0x00802000                _edata = .
                0x00802000                PROVIDE (__data_end, .)

.bss            0x00802000        0x0
                0x00802000                PROVIDE (__bss_start, .)
 *(.bss)
 *(.bss*)
 *(COMMON)
                0x00802000                PROVIDE (__bss_end, .)
                0x00020856                __data_load_start = LOADADDR (.data)
                0x00020856                __data_load_end = (__data_load_start + SIZEOF (.data))

.noinit         0x00802000        0x0
                0x00802000                PROVIDE (__noinit_start, .)
 *(.noinit*)
                0x00802000                PROVIDE (__noinit_end, .)
                0x00802000                _end = .
                0x00802000                PROVIDE (__heap_start, .)

.eeprom         0x00810000        0x0
 *(.eeprom*)
                0x00810000                __eeprom_end = .

.fuse
 *(.fuse)
 *(.lfuse)
 *(.hfuse)
 *(.efuse)

.lock
 *(.lock*)

.signature
 *(.signature*)

.user_signatures
 *(.user_signatures*)

.stab
 *(.stab)

.stabstr
 *(.stabstr)

.stab.excl
 *(.stab.excl)

.stab.exclstr
 *(.stab.exclstr)

.stab.index
 *(.stab.index)

.stab.indexstr
 *(.stab.indexstr)

.comment        0x00000000       0x30
 *(.comment)
 .comment       0x00000000       0x30 main.o
                                 0x31 (size before relaxing)
 .comment       0x00000000       0x31 nvm.o
 .comment       0x00000000       0x31 serial.o

.note.gnu.build-id
 *(.note.gnu.build-id)

.debug
 *(.debug)

.line
 *(.line)

.debug_srcinfo
 *(.debug_srcinfo)

.debug_sfnames
 *(.debug_sfnames)

.debug_aranges  0x00000000      0x1a0
 *(.debug_aranges)
 .debug_aranges
                0x00000000       0x20 ccp.o
 .debug_aranges
                0x00000020       0x68 main.o
 .debug_aranges
                0x00000088       0xc0 nvm.o
 .debug_aranges
                0x00000148       0x28 nvm_asm.o
 .debug_aranges
                0x00000170       0x30 serial.o

.debug_pubnames
 *(.debug_pubnames)

.debug_info     0x00000000     0x2809
 *(.debug_info .gnu.linkonce.wi.*)
 .debug_info    0x00000000       0x69 ccp.o
 .debug_info    0x00000069     0x1071 main.o
 .debug_info    0x000010da     0x13c2 nvm.o
 .debug_info    0x0000249c       0x69 nvm_asm.o
 .debug_info    0x00002505      0x304 serial.o

.debug_abbrev   0x00000000      0x861
 *(.debug_abbrev)
 .debug_abbrev  0x00000000       0x14 ccp.o
 .debug_abbrev  0x00000014      0x37c main.o
 .debug_abbrev  0x00000390      0x3db nvm.o
 .debug_abbrev  0x0000076b       0x12 nvm_asm.o
 .debug_abbrev  0x0000077d       0xe4 serial.o

.debug_line     0x00000000     0x11ce
 *(.debug_line .debug_line.* .debug_line_end)
 .debug_line    0x00000000       0x56 ccp.o
 .debug_line    0x00000056      0x648 main.o
 .debug_line    0x0000069e      0x896 nvm.o
 .debug_line    0x00000f34      0x107 nvm_asm.o
 .debug_line    0x0000103b      0x193 serial.o

.debug_frame    0x00000000      0x4b8
 *(.debug_frame)
 .debug_frame   0x00000000      0x12c main.o
 .debug_frame   0x0000012c      0x348 nvm.o
 .debug_frame   0x00000474       0x44 serial.o

.debug_str      0x00000000      0xd96
 *(.debug_str)
 .debug_str     0x00000000      0x93e main.o
                                0x9bc (size before relaxing)
 .debug_str     0x0000093e      0x408 nvm.o
                                0xb0d (size before relaxing)
 .debug_str     0x00000d46       0x50 serial.o
                                0x2ab (size before relaxing)

.debug_loc      0x00000000     0x18d6
 *(.debug_loc)
 .debug_loc     0x00000000      0x768 main.o
 .debug_loc     0x00000768     0x1141 nvm.o
 .debug_loc     0x000018a9       0x2d serial.o

.debug_macinfo
 *(.debug_macinfo)

.debug_weaknames
 *(.debug_weaknames)

.debug_funcnames
 *(.debug_funcnames)

.debug_typenames
 *(.debug_typenames)

.debug_varnames
 *(.debug_varnames)

.debug_pubtypes
 *(.debug_pubtypes)

.debug_ranges   0x00000000      0x178
 *(.debug_ranges)
 .debug_ranges  0x00000000       0x88 main.o
 .debug_ranges  0x00000088       0xb0 nvm.o
 .debug_ranges  0x00000138       0x20 nvm_asm.o
 .debug_ranges  0x00000158       0x20 serial.o

.debug_macro
 *(.debug_macro)
OUTPUT(BootloaderX.elf elf32-avr)
LOAD linker stubs
