Archive member included to satisfy reference by file (symbol)

/Applications/Arduino.app/Contents/Java/hardware/tools/avr/bin/../lib/gcc/avr/4.8.1/avrxmega6/libgcc.a(_exit.o)
                              /Applications/Arduino.app/Contents/Java/hardware/tools/avr/bin/../lib/gcc/avr/4.8.1/../../../../avr/lib/avrxmega6/crtx384c3.o (exit)
/Applications/Arduino.app/Contents/Java/hardware/tools/avr/bin/../lib/gcc/avr/4.8.1/avrxmega6/libgcc.a(_clear_bss.o)
                              main.o (__do_clear_bss)
/Applications/Arduino.app/Contents/Java/hardware/tools/avr/bin/../lib/gcc/avr/4.8.1/../../../../avr/lib/avrxmega6/libc.a(memcpy.o)
                              nvm.o (memcpy)

Allocating common symbols
Common symbol       size              file

WriteBuffer         0x200             main.o
ReadBuffer          0x200             main.o

Discarded input sections

 .bss           0x00000000        0x0 /Applications/Arduino.app/Contents/Java/hardware/tools/avr/bin/../lib/gcc/avr/4.8.1/../../../../avr/lib/avrxmega6/crtx384c3.o
 .text          0x00000000        0x0 ccp.o
 .bss           0x00000000        0x0 ccp.o
 .text          0x00000000        0x0 main.o
 .bss           0x00000000        0x0 main.o
 .text.EraseApplicationPage
                0x00000000       0x30 main.o
 .text.EraseWriteApplicationPage
                0x00000000       0x30 main.o
 .text.WriteApplicationPage
                0x00000000       0x30 main.o
 .text.LoadFlashWord
                0x00000000        0x4 main.o
 .text.EraseFlashBuffer
                0x00000000       0x10 main.o
 COMMON         0x00000000      0x400 main.o
 .text          0x00000000        0x0 nvm.o
 .bss           0x00000000        0x0 nvm.o
 .text.nvm_read_production_signature_row
                0x00000000        0xa nvm.o
 .text.nvm_read_device_serial
                0x00000000       0x64 nvm.o
 .text.nvm_eeprom_read_buffer
                0x00000000       0x60 nvm.o
 .text.nvm_eeprom_load_page_to_buffer
                0x00000000       0x24 nvm.o
 .text.nvm_eeprom_atomic_write_page
                0x00000000       0x30 nvm.o
 .text.nvm_eeprom_erase_and_write_buffer
                0x00000000       0x7e nvm.o
 .text.nvm_eeprom_split_write_page
                0x00000000       0x30 nvm.o
 .text.nvm_eeprom_erase_bytes_in_page
                0x00000000       0x30 nvm.o
 .text.nvm_eeprom_erase_page
                0x00000000       0x12 nvm.o
 .text.nvm_issue_flash_range_crc
                0x00000000       0x5a nvm.o
 .text.nvm_flash_read_buffer
                0x00000000       0x60 nvm.o
 .text.nvm_user_sig_read_buffer
                0x00000000       0x42 nvm.o
 .text.nvm_user_sig_write_buffer
                0x00000000      0x12e nvm.o
 .text.nvm_flash_erase_and_write_buffer
                0x00000000      0x154 nvm.o
 .text.nvm_fuses_read
                0x00000000       0x34 nvm.o
 .text          0x00000000        0x0 nvm_asm.o
 .bss           0x00000000        0x0 nvm_asm.o
 .text.nvm_read_byte
                0x00000000       0x14 nvm_asm.o
 .text          0x00000000        0x0 serial.o
 .bss           0x00000000        0x0 serial.o
 .text          0x00000000        0x0 /Applications/Arduino.app/Contents/Java/hardware/tools/avr/bin/../lib/gcc/avr/4.8.1/avrxmega6/libgcc.a(_exit.o)
 .bss           0x00000000        0x0 /Applications/Arduino.app/Contents/Java/hardware/tools/avr/bin/../lib/gcc/avr/4.8.1/avrxmega6/libgcc.a(_exit.o)
 .text.libgcc.mul
                0x00000000        0x0 /Applications/Arduino.app/Contents/Java/hardware/tools/avr/bin/../lib/gcc/avr/4.8.1/avrxmega6/libgcc.a(_exit.o)
 .text.libgcc.div
                0x00000000        0x0 /Applications/Arduino.app/Contents/Java/hardware/tools/avr/bin/../lib/gcc/avr/4.8.1/avrxmega6/libgcc.a(_exit.o)
 .text.libgcc   0x00000000        0x0 /Applications/Arduino.app/Contents/Java/hardware/tools/avr/bin/../lib/gcc/avr/4.8.1/avrxmega6/libgcc.a(_exit.o)
 .text.libgcc.prologue
                0x00000000        0x0 /Applications/Arduino.app/Contents/Java/hardware/tools/avr/bin/../lib/gcc/avr/4.8.1/avrxmega6/libgcc.a(_exit.o)
 .text.libgcc.builtins
                0x00000000        0x0 /Applications/Arduino.app/Contents/Java/hardware/tools/avr/bin/../lib/gcc/avr/4.8.1/avrxmega6/libgcc.a(_exit.o)
 .text.libgcc.fmul
                0x00000000        0x0 /Applications/Arduino.app/Contents/Java/hardware/tools/avr/bin/../lib/gcc/avr/4.8.1/avrxmega6/libgcc.a(_exit.o)
 .text.libgcc.fixed
                0x00000000        0x0 /Applications/Arduino.app/Contents/Java/hardware/tools/avr/bin/../lib/gcc/avr/4.8.1/avrxmega6/libgcc.a(_exit.o)
 .text          0x00000000        0x0 /Applications/Arduino.app/Contents/Java/hardware/tools/avr/bin/../lib/gcc/avr/4.8.1/avrxmega6/libgcc.a(_clear_bss.o)
 .bss           0x00000000        0x0 /Applications/Arduino.app/Contents/Java/hardware/tools/avr/bin/../lib/gcc/avr/4.8.1/avrxmega6/libgcc.a(_clear_bss.o)
 .text.libgcc.mul
                0x00000000        0x0 /Applications/Arduino.app/Contents/Java/hardware/tools/avr/bin/../lib/gcc/avr/4.8.1/avrxmega6/libgcc.a(_clear_bss.o)
 .text.libgcc.div
                0x00000000        0x0 /Applications/Arduino.app/Contents/Java/hardware/tools/avr/bin/../lib/gcc/avr/4.8.1/avrxmega6/libgcc.a(_clear_bss.o)
 .text.libgcc   0x00000000        0x0 /Applications/Arduino.app/Contents/Java/hardware/tools/avr/bin/../lib/gcc/avr/4.8.1/avrxmega6/libgcc.a(_clear_bss.o)
 .text.libgcc.prologue
                0x00000000        0x0 /Applications/Arduino.app/Contents/Java/hardware/tools/avr/bin/../lib/gcc/avr/4.8.1/avrxmega6/libgcc.a(_clear_bss.o)
 .text.libgcc.builtins
                0x00000000        0x0 /Applications/Arduino.app/Contents/Java/hardware/tools/avr/bin/../lib/gcc/avr/4.8.1/avrxmega6/libgcc.a(_clear_bss.o)
 .text.libgcc.fmul
                0x00000000        0x0 /Applications/Arduino.app/Contents/Java/hardware/tools/avr/bin/../lib/gcc/avr/4.8.1/avrxmega6/libgcc.a(_clear_bss.o)
 .text.libgcc.fixed
                0x00000000        0x0 /Applications/Arduino.app/Contents/Java/hardware/tools/avr/bin/../lib/gcc/avr/4.8.1/avrxmega6/libgcc.a(_clear_bss.o)
 .text          0x00000000        0x0 /Applications/Arduino.app/Contents/Java/hardware/tools/avr/bin/../lib/gcc/avr/4.8.1/../../../../avr/lib/avrxmega6/libc.a(memcpy.o)
 .bss           0x00000000        0x0 /Applications/Arduino.app/Contents/Java/hardware/tools/avr/bin/../lib/gcc/avr/4.8.1/../../../../avr/lib/avrxmega6/libc.a(memcpy.o)
 .text.avr-libc
                0x00000000       0x12 /Applications/Arduino.app/Contents/Java/hardware/tools/avr/bin/../lib/gcc/avr/4.8.1/../../../../avr/lib/avrxmega6/libc.a(memcpy.o)

Memory Configuration

Name             Origin             Length             Attributes
text             0x00000000         0x00100000         xr
data             0x00802000         0x0000ffa0         rw !x
eeprom           0x00810000         0x00010000         rw !x
fuse             0x00820000         0x00000400         rw !x
lock             0x00830000         0x00000400         rw !x
signature        0x00840000         0x00000400         rw !x
*default*        0x00000000         0xffffffff

Linker script and memory map

LOAD /Applications/Arduino.app/Contents/Java/hardware/tools/avr/bin/../lib/gcc/avr/4.8.1/../../../../avr/lib/avrxmega6/crtx384c3.o
LOAD ccp.o
LOAD main.o
LOAD nvm.o
LOAD nvm_asm.o
LOAD serial.o
START GROUP
LOAD /Applications/Arduino.app/Contents/Java/hardware/tools/avr/bin/../lib/gcc/avr/4.8.1/../../../../avr/lib/avrxmega6/libm.a
END GROUP
Address of section .text set to 0x60000
START GROUP
LOAD /Applications/Arduino.app/Contents/Java/hardware/tools/avr/bin/../lib/gcc/avr/4.8.1/avrxmega6/libgcc.a
LOAD /Applications/Arduino.app/Contents/Java/hardware/tools/avr/bin/../lib/gcc/avr/4.8.1/../../../../avr/lib/avrxmega6/libm.a
LOAD /Applications/Arduino.app/Contents/Java/hardware/tools/avr/bin/../lib/gcc/avr/4.8.1/../../../../avr/lib/avrxmega6/libc.a
END GROUP

.hash
 *(.hash)

.dynsym
 *(.dynsym)

.dynstr
 *(.dynstr)

.gnu.version
 *(.gnu.version)

.gnu.version_d
 *(.gnu.version_d)

.gnu.version_r
 *(.gnu.version_r)

.rel.init
 *(.rel.init)

.rela.init
 *(.rela.init)

.rel.text
 *(.rel.text)
 *(.rel.text.*)
 *(.rel.gnu.linkonce.t*)

.rela.text
 *(.rela.text)
 *(.rela.text.*)
 *(.rela.gnu.linkonce.t*)

.rel.fini
 *(.rel.fini)

.rela.fini
 *(.rela.fini)

.rel.rodata
 *(.rel.rodata)
 *(.rel.rodata.*)
 *(.rel.gnu.linkonce.r*)

.rela.rodata
 *(.rela.rodata)
 *(.rela.rodata.*)
 *(.rela.gnu.linkonce.r*)

.rel.data
 *(.rel.data)
 *(.rel.data.*)
 *(.rel.gnu.linkonce.d*)

.rela.data
 *(.rela.data)
 *(.rela.data.*)
 *(.rela.gnu.linkonce.d*)

.rel.ctors
 *(.rel.ctors)

.rela.ctors
 *(.rela.ctors)

.rel.dtors
 *(.rel.dtors)

.rela.dtors
 *(.rela.dtors)

.rel.got
 *(.rel.got)

.rela.got
 *(.rela.got)

.rel.bss
 *(.rel.bss)

.rela.bss
 *(.rela.bss)

.rel.plt
 *(.rel.plt)

.rela.plt
 *(.rela.plt)

.text           0x00060000      0x8bc
 *(.vectors)
 .vectors       0x00060000      0x1fc /Applications/Arduino.app/Contents/Java/hardware/tools/avr/bin/../lib/gcc/avr/4.8.1/../../../../avr/lib/avrxmega6/crtx384c3.o
                0x00060000                __vectors
                0x00060000                __vector_default
 *(.vectors)
 *(.progmem.gcc*)
                0x000601fc                . = ALIGN (0x2)
                0x000601fc                __trampolines_start = .
 *(.trampolines)
 .trampolines   0x000601fc        0x0 linker stubs
 *(.trampolines*)
                0x000601fc                __trampolines_end = .
 *(.progmem*)
                0x000601fc                . = ALIGN (0x2)
 *(.jumptables)
 *(.jumptables*)
 *(.lowtext)
 *(.lowtext*)
                0x000601fc                __ctors_start = .
 *(.ctors)
                0x000601fc                __ctors_end = .
                0x000601fc                __dtors_start = .
 *(.dtors)
                0x000601fc                __dtors_end = .
 SORT(*)(.ctors)
 SORT(*)(.dtors)
 *(.init0)
 .init0         0x000601fc        0x0 /Applications/Arduino.app/Contents/Java/hardware/tools/avr/bin/../lib/gcc/avr/4.8.1/../../../../avr/lib/avrxmega6/crtx384c3.o
                0x000601fc                __init
 *(.init0)
 *(.init1)
 *(.init1)
 *(.init2)
 .init2         0x000601fc       0x10 /Applications/Arduino.app/Contents/Java/hardware/tools/avr/bin/../lib/gcc/avr/4.8.1/../../../../avr/lib/avrxmega6/crtx384c3.o
 *(.init2)
 *(.init3)
 *(.init3)
 *(.init4)
 .init4         0x0006020c       0x10 /Applications/Arduino.app/Contents/Java/hardware/tools/avr/bin/../lib/gcc/avr/4.8.1/avrxmega6/libgcc.a(_clear_bss.o)
                0x0006020c                __do_clear_bss
 *(.init4)
 *(.init5)
 *(.init5)
 *(.init6)
 *(.init6)
 *(.init7)
 *(.init7)
 *(.init8)
 *(.init8)
 *(.init9)
 .init9         0x0006021c        0x4 /Applications/Arduino.app/Contents/Java/hardware/tools/avr/bin/../lib/gcc/avr/4.8.1/../../../../avr/lib/avrxmega6/crtx384c3.o
 *(.init9)
 *(.text)
 .text          0x00060220        0x2 /Applications/Arduino.app/Contents/Java/hardware/tools/avr/bin/../lib/gcc/avr/4.8.1/../../../../avr/lib/avrxmega6/crtx384c3.o
                0x00060220                __vector_120
                0x00060220                __vector_104
                0x00060220                __vector_22
                0x00060220                __vector_63
                0x00060220                __vector_28
                0x00060220                __vector_67
                0x00060220                __vector_1
                0x00060220                __vector_119
                0x00060220                __vector_32
                0x00060220                __vector_75
                0x00060220                __vector_71
                0x00060220                __vector_91
                0x00060220                __vector_34
                0x00060220                __vector_62
                0x00060220                __vector_77
                0x00060220                __vector_102
                0x00060220                __vector_24
                0x00060220                __vector_12
                0x00060220                __vector_55
                0x00060220                __vector_69
                0x00060220                __vector_81
                0x00060220                __vector_90
                0x00060220                __vector_46
                0x00060220                __bad_interrupt
                0x00060220                __vector_122
                0x00060220                __vector_72
                0x00060220                __vector_114
                0x00060220                __vector_6
                0x00060220                __vector_110
                0x00060220                __vector_31
                0x00060220                __vector_92
                0x00060220                __vector_35
                0x00060220                __vector_78
                0x00060220                __vector_74
                0x00060220                __vector_117
                0x00060220                __vector_39
                0x00060220                __vector_107
                0x00060220                __vector_3
                0x00060220                __vector_105
                0x00060220                __vector_98
                0x00060220                __vector_23
                0x00060220                __vector_68
                0x00060220                __vector_30
                0x00060220                __vector_73
                0x00060220                __vector_45
                0x00060220                __vector_25
                0x00060220                __vector_93
                0x00060220                __vector_61
                0x00060220                __vector_11
                0x00060220                __vector_54
                0x00060220                __vector_99
                0x00060220                __vector_13
                0x00060220                __vector_17
                0x00060220                __vector_19
                0x00060220                __vector_56
                0x00060220                __vector_7
                0x00060220                __vector_125
                0x00060220                __vector_49
                0x00060220                __vector_123
                0x00060220                __vector_41
                0x00060220                __vector_86
                0x00060220                __vector_100
                0x00060220                __vector_101
                0x00060220                __vector_64
                0x00060220                __vector_88
                0x00060220                __vector_109
                0x00060220                __vector_43
                0x00060220                __vector_27
                0x00060220                __vector_5
                0x00060220                __vector_113
                0x00060220                __vector_33
                0x00060220                __vector_76
                0x00060220                __vector_115
                0x00060220                __vector_47
                0x00060220                __vector_52
                0x00060220                __vector_37
                0x00060220                __vector_95
                0x00060220                __vector_103
                0x00060220                __vector_96
                0x00060220                __vector_89
                0x00060220                __vector_108
                0x00060220                __vector_4
                0x00060220                __vector_44
                0x00060220                __vector_82
                0x00060220                __vector_106
                0x00060220                __vector_118
                0x00060220                __vector_51
                0x00060220                __vector_9
                0x00060220                __vector_2
                0x00060220                __vector_21
                0x00060220                __vector_15
                0x00060220                __vector_66
                0x00060220                __vector_36
                0x00060220                __vector_79
                0x00060220                __vector_58
                0x00060220                __vector_70
                0x00060220                __vector_83
                0x00060220                __vector_29
                0x00060220                __vector_60
                0x00060220                __vector_121
                0x00060220                __vector_40
                0x00060220                __vector_85
                0x00060220                __vector_94
                0x00060220                __vector_126
                0x00060220                __vector_8
                0x00060220                __vector_26
                0x00060220                __vector_48
                0x00060220                __vector_124
                0x00060220                __vector_116
                0x00060220                __vector_112
                0x00060220                __vector_111
                0x00060220                __vector_80
                0x00060220                __vector_14
                0x00060220                __vector_84
                0x00060220                __vector_57
                0x00060220                __vector_53
                0x00060220                __vector_10
                0x00060220                __vector_50
                0x00060220                __vector_16
                0x00060220                __vector_59
                0x00060220                __vector_18
                0x00060220                __vector_97
                0x00060220                __vector_20
                0x00060220                __vector_42
                0x00060220                __vector_87
                0x00060220                __vector_65
                0x00060220                __vector_38
                0x00060222                . = ALIGN (0x2)
 *(.text.*)
 .text.ccp_write_io
                0x00060222        0xc ccp.o
                0x00060222                ccp_write_io
 .text.nvm_wait_until_ready
                0x0006022e        0xa main.o
 .text.PMIC_SetVectorLocationToBoot
                0x00060238       0x10 main.o
                0x00060238                PMIC_SetVectorLocationToBoot
 .text.PMIC_SetVectorLocationToApplication
                0x00060248       0x10 main.o
                0x00060248                PMIC_SetVectorLocationToApplication
 .text.BlockLoad
                0x00060258      0x214 main.o
                0x00060258                BlockLoad
 .text.BlockRead
                0x0006046c       0xb2 main.o
                0x0006046c                BlockRead
 .text.startup.main
                0x0006051e      0x234 main.o
                0x0006051e                main
 .text.nvm_wait_until_ready
                0x00060752        0xa nvm.o
 .text.nvm_issue_command
                0x0006075c       0x20 nvm.o
 .text.nvm_eeprom_read_byte
                0x0006077c       0x22 nvm.o
                0x0006077c                nvm_eeprom_read_byte
 .text.nvm_eeprom_flush_buffer
                0x0006079e       0x1a nvm.o
                0x0006079e                nvm_eeprom_flush_buffer
 .text.nvm_eeprom_load_byte_to_buffer
                0x000607b8       0x3c nvm.o
                0x000607b8                nvm_eeprom_load_byte_to_buffer
 .text.nvm_eeprom_write_byte
                0x000607f4       0x5c nvm.o
                0x000607f4                nvm_eeprom_write_byte
 .text.nvm_eeprom_fill_buffer_with_value
                0x00060850       0x1e nvm.o
                0x00060850                nvm_eeprom_fill_buffer_with_value
 .text.nvm_eeprom_erase_bytes_in_all_pages
                0x0006086e        0x6 nvm.o
                0x0006086e                nvm_eeprom_erase_bytes_in_all_pages
 .text.nvm_eeprom_erase_all
                0x00060874        0x6 nvm.o
                0x00060874                nvm_eeprom_erase_all
 .text.initbootuart
                0x0006087a       0x18 serial.o
                0x0006087a                initbootuart
 .text.sendchar
                0x00060892       0x18 serial.o
                0x00060892                sendchar
 .text.recchar  0x000608aa        0xe serial.o
                0x000608aa                recchar
                0x000608b8                . = ALIGN (0x2)
 *(.fini9)
 .fini9         0x000608b8        0x0 /Applications/Arduino.app/Contents/Java/hardware/tools/avr/bin/../lib/gcc/avr/4.8.1/avrxmega6/libgcc.a(_exit.o)
                0x000608b8                exit
                0x000608b8                _exit
 *(.fini9)
 *(.fini8)
 *(.fini8)
 *(.fini7)
 *(.fini7)
 *(.fini6)
 *(.fini6)
 *(.fini5)
 *(.fini5)
 *(.fini4)
 *(.fini4)
 *(.fini3)
 *(.fini3)
 *(.fini2)
 *(.fini2)
 *(.fini1)
 *(.fini1)
 *(.fini0)
 .fini0         0x000608b8        0x4 /Applications/Arduino.app/Contents/Java/hardware/tools/avr/bin/../lib/gcc/avr/4.8.1/avrxmega6/libgcc.a(_exit.o)
 *(.fini0)
                0x000608bc                _etext = .

.BOOT           0x000608bc       0x44
 .BOOT          0x000608bc       0x44 nvm_asm.o
                0x000608bc                nvm_common_spm
                0x000608da                nvm_flash_load_word_to_buffer

.data           0x00802000        0x0 load address 0x00060900
                0x00802000                PROVIDE (__data_start, .)
 *(.data)
 .data          0x00802000        0x0 /Applications/Arduino.app/Contents/Java/hardware/tools/avr/bin/../lib/gcc/avr/4.8.1/../../../../avr/lib/avrxmega6/crtx384c3.o
 .data          0x00802000        0x0 ccp.o
 .data          0x00802000        0x0 main.o
 .data          0x00802000        0x0 nvm.o
 .data          0x00802000        0x0 nvm_asm.o
 .data          0x00802000        0x0 serial.o
 .data          0x00802000        0x0 /Applications/Arduino.app/Contents/Java/hardware/tools/avr/bin/../lib/gcc/avr/4.8.1/avrxmega6/libgcc.a(_exit.o)
 .data          0x00802000        0x0 /Applications/Arduino.app/Contents/Java/hardware/tools/avr/bin/../lib/gcc/avr/4.8.1/avrxmega6/libgcc.a(_clear_bss.o)
 .data          0x00802000        0x0 /Applications/Arduino.app/Contents/Java/hardware/tools/avr/bin/../lib/gcc/avr/4.8.1/../../../../avr/lib/avrxmega6/libc.a(memcpy.o)
 *(.data*)
 *(.rodata)
 *(.rodata*)
 *(.gnu.linkonce.d*)
                0x00802000                . = ALIGN (0x2)
                0x00802000                _edata = .
                0x00802000                PROVIDE (__data_end, .)

.bss            0x00802000        0x0
                0x00802000                PROVIDE (__bss_start, .)
 *(.bss)
 *(.bss*)
 *(COMMON)
                0x00802000                PROVIDE (__bss_end, .)
                0x00060900                __data_load_start = LOADADDR (.data)
                0x00060900                __data_load_end = (__data_load_start + SIZEOF (.data))

.noinit         0x00802000        0x0
                0x00802000                PROVIDE (__noinit_start, .)
 *(.noinit*)
                0x00802000                PROVIDE (__noinit_end, .)
                0x00802000                _end = .
                0x00802000                PROVIDE (__heap_start, .)

.eeprom         0x00810000        0x0
 *(.eeprom*)
                0x00810000                __eeprom_end = .

.fuse
 *(.fuse)
 *(.lfuse)
 *(.hfuse)
 *(.efuse)

.lock
 *(.lock*)

.signature
 *(.signature*)

.stab
 *(.stab)

.stabstr
 *(.stabstr)

.stab.excl
 *(.stab.excl)

.stab.exclstr
 *(.stab.exclstr)

.stab.index
 *(.stab.index)

.stab.indexstr
 *(.stab.indexstr)

.comment        0x00000000       0x11
 *(.comment)
 .comment       0x00000000       0x11 main.o
                                 0x12 (size before relaxing)
 .comment       0x00000011       0x12 nvm.o
 .comment       0x00000011       0x12 serial.o

.note.gnu.build-id
 *(.note.gnu.build-id)

.debug
 *(.debug)

.line
 *(.line)

.debug_srcinfo
 *(.debug_srcinfo)

.debug_sfnames
 *(.debug_sfnames)

.debug_aranges  0x00000000       0x48
 *(.debug_aranges)
 .debug_aranges
                0x00000000       0x20 ccp.o
 .debug_aranges
                0x00000020       0x28 nvm_asm.o

.debug_pubnames
 *(.debug_pubnames)

.debug_info     0x00000000       0xc4
 *(.debug_info .gnu.linkonce.wi.*)
 .debug_info    0x00000000       0x62 ccp.o
 .debug_info    0x00000062       0x62 nvm_asm.o

.debug_abbrev   0x00000000       0x26
 *(.debug_abbrev)
 .debug_abbrev  0x00000000       0x14 ccp.o
 .debug_abbrev  0x00000014       0x12 nvm_asm.o

.debug_line     0x00000000      0x163
 *(.debug_line .debug_line.* .debug_line_end)
 .debug_line    0x00000000       0x59 ccp.o
 .debug_line    0x00000059      0x10a nvm_asm.o

.debug_frame
 *(.debug_frame)

.debug_str
 *(.debug_str)

.debug_loc
 *(.debug_loc)

.debug_macinfo
 *(.debug_macinfo)

.debug_weaknames
 *(.debug_weaknames)

.debug_funcnames
 *(.debug_funcnames)

.debug_typenames
 *(.debug_typenames)

.debug_varnames
 *(.debug_varnames)

.debug_pubtypes
 *(.debug_pubtypes)

.debug_ranges   0x00000000       0x20
 *(.debug_ranges)
 .debug_ranges  0x00000000       0x20 nvm_asm.o

.debug_macro
 *(.debug_macro)
OUTPUT(BootloaderX.elf elf32-avr)
LOAD linker stubs
